# Introduction

Hi this is an intro.

**References**

* https://example.com
* https://google.com